// Jest Snapshot v1, https://goo.gl/fbAQLP

exports[`Menu should match the snapshot with all data passed in correctly 1`] = `
<nav
  className="navbar"
>
  <h1>
    What's 
    <span>
      NEW
    </span>
    s
  </h1>
  <aside>
    <button
      className="news-type-btn"
      key="0.5767024091255699"
      onClick={[MockFunction]}
    >
      local news
    </button>
    <button
      className="news-type-btn"
      key="0.41742933737744736"
      onClick={[MockFunction]}
    >
      entertainment
    </button>
    <button
      className="news-type-btn"
      key="0.9057848596123272"
      onClick={[MockFunction]}
    >
      tech
    </button>
    <button
      className="news-type-btn"
      key="0.6002011395097255"
      onClick={[MockFunction]}
    >
      science
    </button>
    <button
      className="news-type-btn"
      key="0.1700988215396515"
      onClick={[MockFunction]}
    >
      health
    </button>
  </aside>
</nav>
`;
