// Jest Snapshot v1, https://goo.gl/fbAQLP

exports[`Search Form should match the snapshot with all data passed in correctly 1`] = `
<div
  className="search-bar-div"
>
  <input
    aria-label="Text Box"
    onChange={[Function]}
    placeholder="Search News"
    type="text"
    value=""
  />
  <button
    className="search-btn"
    onClick={[Function]}
  >
    Search
  </button>
</div>
`;
